[1mfoo:[0m
Filter: [7mT[0mype to filter choices
â‡¡   c
    d
  [38;5;32m[1mâ–¸ [0m[0m[38;5;32;1mlastelement[0m
