[1mfoo:[0m
Filter: [7mT[0mype to filter choices
  [38;5;32m[1mâ–¸ [0m[0m[38;5;32;1mfirstelement[0m
    b
â‡£   c
